// Jest Snapshot v1, https://goo.gl/fbAQLP

exports[`Analytics/FiltersPanel renders correctly 1`] = `
<div
  class="sd-filters-panel sd-filters-panel--border-right"
>
  <div
    class="side-panel side-panel--transparent side-panel--shadow-right"
  >
    <div
      class="side-panel__header side-panel__header--border-b"
    >
      <a
        class="icn-btn side-panel__close"
        flow="left"
        sd-tooltip="Close filters"
      >
        <i
          class="icon-close-small"
        />
      </a>
      <h3
        class="side-panel__heading side-panel__heading--big"
      >
        Filter
      </h3>
    </div>
    <div
      class="side-panel__content"
    >
      <div
        class="side-panel__content-block"
      >
        <div
          class="form__row"
        >
          <div
            class="sd-line-input sd-line-input--no-margin sd-line-input--is-select"
          >
            <label
              class="sd-line-input__label"
            >
              Category
            </label>
            <select
              class="sd-line-input__select"
              name="route"
            >
              <option
                value=""
              />
              <option
                value="1"
              >
                testroute
              </option>
            </select>
          </div>
        </div>
        <div
          class="form__row"
        >
          <div
            class="sd-line-input sd-line-input--no-margin"
          >
            <label
              class="sd-line-input__label"
            >
              Author
            </label>
            <div />
          </div>
        </div>
        <div
          class="form__row"
        >
          <div
            class="sd-line-input sd-line-input--no-margin sd-line-input--is-select"
          >
            <label
              class="sd-line-input__label"
            >
              Date filter
            </label>
            <select
              class="sd-line-input__select"
              name="route"
            >
              <option
                value="range"
              >
                Custom
              </option>
              <option
                value="lastWeek"
              >
                Last week
              </option>
              <option
                value="lastMonth"
              >
                Last month
              </option>
              <option
                value="thisWeek"
              >
                This week
              </option>
              <option
                value="thisMonth"
              >
                This month
              </option>
            </select>
          </div>
        </div>
        <div
          class="form__row form__row--flex"
        >
          <div
            class="form__row-item"
          >
            <div
              class="sd-line-input sd-line-input--no-margin"
            >
              <label
                class="sd-line-input__label"
              >
                From
              </label>
              <input
                class="sd-line-input__input"
                name="published_after"
                type="date"
                value="2019-07-04"
              />
            </div>
          </div>
          <div
            class="form__row-item"
          >
            <div
              class="sd-line-input sd-line-input--no-margin"
            >
              <label
                class="sd-line-input__label"
              >
                To
              </label>
              <input
                class="sd-line-input__input"
                name="published_before"
                type="date"
                value="2019-07-04"
              />
            </div>
          </div>
        </div>
      </div>
    </div>
    <div
      class="side-panel__footer side-panel__footer--button-box"
    >
      <div
        class="flex-grid flex-grid--boxed-small flex-grid--small-2"
      >
        <a
          class="btn btn--hollow"
          data-testid="filterClear"
        >
          Clear
        </a>
        <a
          class="btn btn--primary"
          data-testid="filterSave"
        >
          Run Report
        </a>
      </div>
      <div
        class="flex-grid flex-grid--boxed-small flex-grid--small-1"
      >
        <a
          class="btn btn--primary btn--expanded"
        >
          Generate Report
        </a>
      </div>
    </div>
  </div>
</div>
`;
