// Jest Snapshot v1, https://goo.gl/fbAQLP

exports[`Analytics/Listing renders correctly 1`] = `
<div
  class="sd-column-box__main-column-inner sd-d-flex"
>
  <div
    class="sd-flex-table sd-table--shadowed sd-table--action-hover"
    style="flex-grow: 1; position: relative;"
  >
    <div
      class="sd-flex-table__row sd-flex-table--head"
    >
      <div
        class="sd-flex-table__cell sd-flex-grow"
      >
        <div>
          Title
        </div>
      </div>
      <div
        class="sd-flex-table__cell"
      >
        Â 
      </div>
      <div
        class="sd-flex-table__cell"
      >
        <div>
          Page Views
        </div>
      </div>
    </div>
    <p
      style="padding: 1em; text-align: center;"
    >
      No results found
    </p>
    <div
      style="overflow: visible; height: 0px; width: 0px;"
    >
      <div
        aria-label="grid"
        aria-readonly="true"
        class="ReactVirtualized__Grid ReactVirtualized__List"
        role="grid"
        style="box-sizing: border-box; direction: ltr; height: -46px; position: relative; width: 0px; will-change: transform; overflow-x: hidden; overflow-y: auto;"
        tabindex="0"
      />
    </div>
    <div
      class="resize-triggers"
    >
      <div
        class="expand-trigger"
      >
        <div
          style="width: 1px; height: 1px;"
        />
      </div>
      <div
        class="contract-trigger"
      />
    </div>
  </div>
</div>
`;
