// Jest Snapshot v1, https://goo.gl/fbAQLP

exports[`generic/ArticlePreview renders correctly 1`] = `
<div
  class="sd-preview-panel"
  style="z-index: 1;"
>
  <div
    class="side-panel side-panel--shadow-right"
  >
    <div
      class="side-panel__header side-panel__header--border-bottom"
    >
      <div
        class="side-panel__tools"
      >
        <a
          class="icn-btn"
          flow="top"
          sd-tooltip="Close"
        >
          <i
            class="icon-close-small"
          />
        </a>
      </div>
      <h3
        class="side-panel__heading"
      >
        Item preview
      </h3>
    </div>
    <div
      class="side-panel__content"
    >
      <div
        class="side-panel-collapsible-header active"
      >
        <div
          class="side-panel-collapsible-header__fixed"
        >
          <p
            class="sd-text__date-and-author"
          >
            <time
              title="2019–08–30T12:34:56+00:00"
            >
              2 days ago
            </time>
            
          </p>
        </div>
        <div
          class="side-panel-collapsible-header__collapsible"
        >
          <div
            class="form__row form__row--small-padding"
          >
            <div
              class="flex-grid flex-grid--wrap-items flex-grid--small-2"
            >
              <div
                class="flex-grid__item"
              >
                <label
                  class="form-label form-label--light"
                >
                  Page views
                </label>
                <p>
                  0
                </p>
              </div>
              <div
                class="flex-grid__item"
              >
                <label
                  class="form-label form-label--light"
                >
                  Comments
                </label>
                <p>
                  0
                </p>
              </div>
            </div>
          </div>
        </div>
        <button
          class="side-panel-collapsible-header__toggle active"
        >
          <i
            class="icon-chevron-down-thin"
          />
        </button>
      </div>
      <div
        class="side-panel__content-block"
      >
        <h3
          class="side-panel__content-block-heading"
        >
          If you let any one have it but me, Basil, I shall never forgive you
        </h3>
        <div
          class="side-panel__content-block-text sp-imageMaxWidth-wrapper"
        >
          <p>
            I adore simple pleasures, said Lord Henry. They are the last refuge of the complex. But I don't like scenes, except on the stage. What absurd fellows you are, bot
          </p>
        </div>
      </div>
    </div>
  </div>
</div>
`;
