// Jest Snapshot v1, https://goo.gl/fbAQLP

exports[`Output/Listing renders properly 1`] = `
<div
  class="sd-column-box__main-column relative"
  style="display: flex;"
>
  <div
    class="sd-list-item-group sd-shadow--z2"
    style="flex-grow: 1;"
  >
    <div
      style="overflow: visible; height: 0px; width: 0px;"
    >
      <div
        aria-label="grid"
        aria-readonly="true"
        class="ReactVirtualized__Grid ReactVirtualized__List"
        role="grid"
        style="box-sizing: border-box; direction: ltr; height: 0px; position: relative; width: 0px; will-change: transform; overflow-x: hidden; overflow-y: auto;"
        tabindex="0"
      />
    </div>
    <div
      class="resize-triggers"
    >
      <div
        class="expand-trigger"
      >
        <div
          style="width: 1px; height: 1px;"
        />
      </div>
      <div
        class="contract-trigger"
      />
    </div>
  </div>
</div>
`;
