// Jest Snapshot v1, https://goo.gl/fbAQLP

exports[`Output/Subnav renders correctly 1`] = `
<div
  class="subnav subnav--lower-z-index"
>
  <div
    class="subnav__content-bar"
  >
    <span
      class="sd-check__wrapper"
    >
      <span
        class="sd-checkbox sd-checkbox--button-style sd-checkbox--radio checked"
      >
        <label>
          Incoming content
        </label>
      </span>
    </span>
    <span
      class="sd-check__wrapper"
    >
      <span
        class="sd-checkbox sd-checkbox--button-style sd-checkbox--radio"
      >
        <label>
          Published
        </label>
      </span>
    </span>
  </div>
  <div
    class="subnav__content-bar sd-flex-wrap ml-auto sd-padding-l--1"
  >
    <div
      class="dropdown dropdown--align-right"
      flow="left"
    >
      <span>
        <button
          class="dropdown__toggle"
        >
          Created
          <span
            class="dropdown__caret"
          />
        </button>
      </span>
      <ul
        class="dropdown__menu dropdown--align-right"
      >
        <li>
          <button>
            Updated
          </button>
        </li>
        <li>
          <button>
            Created
          </button>
        </li>
      </ul>
    </div>
    <a
      class="icn-btn"
      flow="bottom"
      sd-tooltip="Ascending"
    >
      <i
        class="icon-ascending"
      />
    </a>
  </div>
  <div
    class="subnav__spacer subnav__spacer--no-margin"
  />
  <div
    class="subnav__content-bar sd-flex-wrap sd-padding-l--1 ui-responsive-small--d-none ui-responsive-small--d-block if-authoring--d-none"
  >
    <div
      class="sd-margin-r--1"
    >
      <span>
        Incoming:
      </span>
      <span
        class="badge sd-margin-l--0-5"
      >
        0
      </span>
    </div>
    <div>
      <span>
        Published:
      </span>
      <span
        class="badge sd-margin-l--0-5"
      >
        0
      </span>
    </div>
  </div>
</div>
`;
