// Jest Snapshot v1, https://goo.gl/fbAQLP

exports[`Output/TenantSelect renders correctly 1`] = `
<div
  class="subnav__spacer subnav__spacer--no-margin"
/>
`;
