// Jest Snapshot v1, https://goo.gl/fbAQLP

exports[`UI/CheckButton renders correctly 1`] = `
<span
  class="sd-check__wrapper"
>
  <span
    class="sd-checkbox sd-checkbox--button-style sd-checkbox--radio checked"
  >
    <label>
      testlabel
    </label>
  </span>
</span>
`;
