// Jest Snapshot v1, https://goo.gl/fbAQLP

exports[`Output/Swimlane/ArticleItem renders correctly 1`] = `
<div
  class="sd-list-item"
>
  <div
    class="sd-list-item__border sd-list-item__border--success"
  />
  <div
    class="sd-list-item__column sd-list-item__column--grow sd-list-item__column--no-border"
  >
    <div
      class="sd-list-item__row"
    >
      <span
        class="sd-overflow-ellipsis sd-list-item__headline sd-list-item--element-grow"
      >
        Med test1.3
      </span>
      <time
        title="2020–01–01T12:00:00+00:00"
      >
        1 day ago
      </time>
    </div>
  </div>
  <div
    class="sd-list-item__action-menu sd-list-item__action-menu--direction-row"
  >
    <button
      class="icn-btn"
      flow="left"
      sd-tooltip="Correct"
    >
      <i
        class="icon-pencil"
      />
    </button>
    <button
      class="icn-btn"
      flow="left"
      sd-tooltip="Publish"
    >
      <i
        class="icon-expand-thin"
      />
    </button>
  </div>
</div>
`;
