// Jest Snapshot v1, https://goo.gl/fbAQLP

exports[`Output/PublishPane/OptionSwitches renders properly 1`] = `
<div
  class="form__row"
>
  <span
    sd-tooltip="Publish to facebook"
  >
    <span
      class="sd-check__wrapper"
    >
      <span
        class="sd-checkbox checked"
      />
      <label
        class=""
        style="color: rgb(255, 255, 255);"
      >
        Facebook
      </label>
    </span>
  </span>
  <span
    sd-tooltip="Enable Paywall"
    style="margin-left: 2em;"
  >
    <span
      class="sd-check__wrapper"
    >
      <span
        class="sd-checkbox"
      />
      <label
        class=""
        style="color: rgb(255, 255, 255);"
      >
        Paywall Secured
      </label>
    </span>
  </span>
</div>
`;
