// Jest Snapshot v1, https://goo.gl/fbAQLP

exports[`Output/PublishPane/Preview renders correctly 1`] = `null`;
