// Jest Snapshot v1, https://goo.gl/fbAQLP

exports[`Output/PublishPane/RouteSelect renders properly 1`] = `
<div
  class="sd-line-input sd-line-input--is-select sd-line-input--dark-ui sd-line-input--no-margin"
>
  <label
    class="sd-line-input__label"
  >
    Route
  </label>
  <select
    class="sd-line-input__select"
    name="routeId"
  >
    <optgroup
      label="Custom"
      style="color: black;"
    >
      <option
        value="1"
      >
        route1
      </option>
      <option
        value="2"
      >
        route2
      </option>
      <option
        value="3"
      >
        route3
      </option>
    </optgroup>
  </select>
</div>
`;
